
> erp-cloud@1.0.0 build
> next build

Ôû▓ Next.js 16.2.7 (Turbopack)
- Environments: .env.local

  Creating an optimized production build ...
node.exe : (node:12248) [DEP0205] DeprecationWarning: `module.register()` is deprecated. Use `module.registerHooks()` 
instead.
Au caractère Ligne:1 : 1
+ & "C:\Program Files\nodejs/node.exe" "C:\Program Files\nodejs/node_mo ...
+ ~~~~~~~~~~~~~~~~~~~~~~~~~~~~~~~~~~~~~~~~~~~~~~~~~~~~~~~~~~~~~~~~~~~~~
    + CategoryInfo          : NotSpecified: ((node:12248) [D...oks()` instead.:String) [], RemoteException
    + FullyQualifiedErrorId : NativeCommandError
 
(Use `node --trace-deprecation ...` to show where the warning was created)
Ô£ô Compiled successfully in 17.7s
  Running TypeScript ...
